prevent_interface_is_empty:
  script: unbuffer test -s tasks/interface.yml
