- include: interface.yml

- pacman: update_cache=yes
  when: ansible_distribution == 'Archlinux'

- apt: update_cache=yes cache_valid_time=86400
  when: ansible_distribution == 'Debian'
