new_role_deb:
  script: unbuffer [ -s tasks/interface.yml ]
